// Jest Snapshot v1, https://goo.gl/fbAQLP

exports[`Component should be rendered correctly 1`] = `
<div
  className="clock-container"
>
  <div
    className="clock"
  >
    <div
      className="cell"
    >
      <div>
        0
      </div>
      <div
        className="label"
      >
         Days 
      </div>
    </div>
    <div
      className="cell"
    >
      <div>
        00
      </div>
      <div
        className="label"
      >
         Hours 
      </div>
    </div>
    <div
      className="cell"
    >
      <div>
        00
      </div>
      <div
        className="label"
      >
         Minutes 
      </div>
    </div>
    <div
      className="cell"
    >
      <div>
        00
      </div>
      <div
        className="label"
      >
         Seconds 
      </div>
    </div>
  </div>
</div>
`;
